[0.009s] Invoking command in '/home/daniel/oreo/build/motor_control': CMAKE_PREFIX_PATH=${CMAKE_PREFIX_PATH}:/home/daniel/robotics/ros2_ws/install/lab3:/home/daniel/robotics/ros2_ws/install/joe:/opt/ros/humble /usr/bin/cmake --build /home/daniel/oreo/build/motor_control -- -j16 -l16
[0.045s] Invoked command in '/home/daniel/oreo/build/motor_control' returned '0': CMAKE_PREFIX_PATH=${CMAKE_PREFIX_PATH}:/home/daniel/robotics/ros2_ws/install/lab3:/home/daniel/robotics/ros2_ws/install/joe:/opt/ros/humble /usr/bin/cmake --build /home/daniel/oreo/build/motor_control -- -j16 -l16
[0.046s] Invoking command in '/home/daniel/oreo/build/motor_control': CMAKE_PREFIX_PATH=${CMAKE_PREFIX_PATH}:/home/daniel/robotics/ros2_ws/install/lab3:/home/daniel/robotics/ros2_ws/install/joe:/opt/ros/humble /usr/bin/cmake --install /home/daniel/oreo/build/motor_control
[0.055s] -- Install configuration: ""
[0.056s] -- Execute custom install script
[0.056s] -- Up-to-date symlink: /home/daniel/oreo/install/motor_control/share/ament_index/resource_index/package_run_dependencies/motor_control
[0.056s] -- Up-to-date symlink: /home/daniel/oreo/install/motor_control/share/ament_index/resource_index/parent_prefix_path/motor_control
[0.056s] -- Up-to-date symlink: /home/daniel/oreo/install/motor_control/share/motor_control/environment/ament_prefix_path.sh
[0.056s] -- Up-to-date symlink: /home/daniel/oreo/install/motor_control/share/motor_control/environment/ament_prefix_path.dsv
[0.056s] -- Up-to-date symlink: /home/daniel/oreo/install/motor_control/share/motor_control/environment/path.sh
[0.056s] -- Up-to-date symlink: /home/daniel/oreo/install/motor_control/share/motor_control/environment/path.dsv
[0.057s] -- Up-to-date symlink: /home/daniel/oreo/install/motor_control/share/motor_control/local_setup.bash
[0.057s] -- Up-to-date symlink: /home/daniel/oreo/install/motor_control/share/motor_control/local_setup.sh
[0.057s] -- Up-to-date symlink: /home/daniel/oreo/install/motor_control/share/motor_control/local_setup.zsh
[0.057s] -- Up-to-date symlink: /home/daniel/oreo/install/motor_control/share/motor_control/local_setup.dsv
[0.057s] -- Symlinking: /home/daniel/oreo/install/motor_control/share/motor_control/package.dsv
[0.073s] -- Up-to-date symlink: /home/daniel/oreo/install/motor_control/share/ament_index/resource_index/packages/motor_control
[0.073s] -- Up-to-date symlink: /home/daniel/oreo/install/motor_control/share/motor_control/cmake/motor_controlConfig.cmake
[0.074s] -- Up-to-date symlink: /home/daniel/oreo/install/motor_control/share/motor_control/cmake/motor_controlConfig-version.cmake
[0.074s] -- Up-to-date symlink: /home/daniel/oreo/install/motor_control/share/motor_control/package.xml
[0.075s] -- Up-to-date symlink: /home/daniel/oreo/install/motor_control/lib/motor_control/keyboard_listener.py
[0.075s] -- Up-to-date symlink: /home/daniel/oreo/install/motor_control/lib/motor_control/motor_control.py
[0.083s] Invoked command in '/home/daniel/oreo/build/motor_control' returned '0': CMAKE_PREFIX_PATH=${CMAKE_PREFIX_PATH}:/home/daniel/robotics/ros2_ws/install/lab3:/home/daniel/robotics/ros2_ws/install/joe:/opt/ros/humble /usr/bin/cmake --install /home/daniel/oreo/build/motor_control
