[0.196s] Invoking command in '/home/daniel/Oreo/build/oreo_description': CMAKE_PREFIX_PATH=${CMAKE_PREFIX_PATH}:/home/daniel/robotics/ros2_ws/install/lab3:/home/daniel/robotics/ros2_ws/install/joe:/opt/ros/humble PS1=(.venv) \[\e]0;\u@\h: \w\a\]${debian_chroot:+($debian_chroot)}\[\033[01;32m\]\u@\h\[\033[00m\]:\[\033[01;34m\]\w\[\033[00m\]\$ VIRTUAL_ENV_PROMPT=(.venv) /usr/bin/cmake /home/daniel/Oreo/src/oreo_description -DAMENT_CMAKE_SYMLINK_INSTALL=1 -DCMAKE_INSTALL_PREFIX=/home/daniel/Oreo/install/oreo_description
[0.368s] -- The C compiler identification is GNU 11.4.0
[0.496s] -- The CXX compiler identification is GNU 11.4.0
[0.506s] -- Detecting C compiler ABI info
[0.561s] -- Detecting C compiler ABI info - done
[0.566s] -- Check for working C compiler: /usr/bin/cc - skipped
[0.567s] -- Detecting C compile features
[0.568s] -- Detecting C compile features - done
[0.571s] -- Detecting CXX compiler ABI info
[0.632s] -- Detecting CXX compiler ABI info - done
[0.637s] -- Check for working CXX compiler: /usr/bin/c++ - skipped
[0.638s] -- Detecting CXX compile features
[0.638s] -- Detecting CXX compile features - done
[0.642s] -- Found ament_cmake: 1.3.12 (/opt/ros/humble/share/ament_cmake/cmake)
[0.920s] -- Found Python3: /home/daniel/Oreo/.venv/bin/python3 (found version "3.10.12") found components: Interpreter 
[0.980s] -- Override CMake install command with custom implementation using symlinks instead of copying resources
[1.018s] -- Found ament_lint_auto: 0.12.14 (/opt/ros/humble/share/ament_lint_auto/cmake)
[1.106s] -- Added test 'lint_cmake' to check CMake code style
[1.108s] -- Added test 'xmllint' to check XML markup files
[1.109s] -- Configuring done
[1.111s] -- Generating done
[1.111s] -- Build files have been written to: /home/daniel/Oreo/build/oreo_description
[1.115s] Invoked command in '/home/daniel/Oreo/build/oreo_description' returned '0': CMAKE_PREFIX_PATH=${CMAKE_PREFIX_PATH}:/home/daniel/robotics/ros2_ws/install/lab3:/home/daniel/robotics/ros2_ws/install/joe:/opt/ros/humble PS1=(.venv) \[\e]0;\u@\h: \w\a\]${debian_chroot:+($debian_chroot)}\[\033[01;32m\]\u@\h\[\033[00m\]:\[\033[01;34m\]\w\[\033[00m\]\$ VIRTUAL_ENV_PROMPT=(.venv) /usr/bin/cmake /home/daniel/Oreo/src/oreo_description -DAMENT_CMAKE_SYMLINK_INSTALL=1 -DCMAKE_INSTALL_PREFIX=/home/daniel/Oreo/install/oreo_description
[1.116s] Invoking command in '/home/daniel/Oreo/build/oreo_description': CMAKE_PREFIX_PATH=${CMAKE_PREFIX_PATH}:/home/daniel/robotics/ros2_ws/install/lab3:/home/daniel/robotics/ros2_ws/install/joe:/opt/ros/humble PS1=(.venv) \[\e]0;\u@\h: \w\a\]${debian_chroot:+($debian_chroot)}\[\033[01;32m\]\u@\h\[\033[00m\]:\[\033[01;34m\]\w\[\033[00m\]\$ VIRTUAL_ENV_PROMPT=(.venv) /usr/bin/cmake --build /home/daniel/Oreo/build/oreo_description -- -j16 -l16
[1.155s] Invoked command in '/home/daniel/Oreo/build/oreo_description' returned '0': CMAKE_PREFIX_PATH=${CMAKE_PREFIX_PATH}:/home/daniel/robotics/ros2_ws/install/lab3:/home/daniel/robotics/ros2_ws/install/joe:/opt/ros/humble PS1=(.venv) \[\e]0;\u@\h: \w\a\]${debian_chroot:+($debian_chroot)}\[\033[01;32m\]\u@\h\[\033[00m\]:\[\033[01;34m\]\w\[\033[00m\]\$ VIRTUAL_ENV_PROMPT=(.venv) /usr/bin/cmake --build /home/daniel/Oreo/build/oreo_description -- -j16 -l16
[1.156s] Invoking command in '/home/daniel/Oreo/build/oreo_description': CMAKE_PREFIX_PATH=${CMAKE_PREFIX_PATH}:/home/daniel/robotics/ros2_ws/install/lab3:/home/daniel/robotics/ros2_ws/install/joe:/opt/ros/humble PS1=(.venv) \[\e]0;\u@\h: \w\a\]${debian_chroot:+($debian_chroot)}\[\033[01;32m\]\u@\h\[\033[00m\]:\[\033[01;34m\]\w\[\033[00m\]\$ VIRTUAL_ENV_PROMPT=(.venv) /usr/bin/cmake --install /home/daniel/Oreo/build/oreo_description
[1.163s] -- Install configuration: ""
[1.163s] -- Execute custom install script
[1.164s] -- Symlinking: /home/daniel/Oreo/install/oreo_description/share/oreo_description/meshes/base_link.STL
[1.170s] -- Symlinking: /home/daniel/Oreo/install/oreo_description/share/oreo_description/meshes/omni_wheel.STL
[1.176s] -- Symlinking: /home/daniel/Oreo/install/oreo_description/share/oreo_description/sdf/oreo.sdf
[1.182s] -- Symlinking: /home/daniel/Oreo/install/oreo_description/share/ament_index/resource_index/package_run_dependencies/oreo_description
[1.190s] -- Symlinking: /home/daniel/Oreo/install/oreo_description/share/ament_index/resource_index/parent_prefix_path/oreo_description
[1.197s] -- Symlinking: /home/daniel/Oreo/install/oreo_description/share/oreo_description/environment/ament_prefix_path.sh
[1.205s] -- Symlinking: /home/daniel/Oreo/install/oreo_description/share/oreo_description/environment/ament_prefix_path.dsv
[1.213s] -- Symlinking: /home/daniel/Oreo/install/oreo_description/share/oreo_description/environment/path.sh
[1.218s] -- Symlinking: /home/daniel/Oreo/install/oreo_description/share/oreo_description/environment/path.dsv
[1.224s] -- Symlinking: /home/daniel/Oreo/install/oreo_description/share/oreo_description/local_setup.bash
[1.229s] -- Symlinking: /home/daniel/Oreo/install/oreo_description/share/oreo_description/local_setup.sh
[1.234s] -- Symlinking: /home/daniel/Oreo/install/oreo_description/share/oreo_description/local_setup.zsh
[1.243s] -- Symlinking: /home/daniel/Oreo/install/oreo_description/share/oreo_description/local_setup.dsv
[1.249s] -- Symlinking: /home/daniel/Oreo/install/oreo_description/share/oreo_description/package.dsv
[1.257s] -- Symlinking: /home/daniel/Oreo/install/oreo_description/share/ament_index/resource_index/packages/oreo_description
[1.264s] -- Symlinking: /home/daniel/Oreo/install/oreo_description/share/oreo_description/cmake/oreo_descriptionConfig.cmake
[1.273s] -- Symlinking: /home/daniel/Oreo/install/oreo_description/share/oreo_description/cmake/oreo_descriptionConfig-version.cmake
[1.278s] -- Symlinking: /home/daniel/Oreo/install/oreo_description/share/oreo_description/package.xml
[1.294s] Invoked command in '/home/daniel/Oreo/build/oreo_description' returned '0': CMAKE_PREFIX_PATH=${CMAKE_PREFIX_PATH}:/home/daniel/robotics/ros2_ws/install/lab3:/home/daniel/robotics/ros2_ws/install/joe:/opt/ros/humble PS1=(.venv) \[\e]0;\u@\h: \w\a\]${debian_chroot:+($debian_chroot)}\[\033[01;32m\]\u@\h\[\033[00m\]:\[\033[01;34m\]\w\[\033[00m\]\$ VIRTUAL_ENV_PROMPT=(.venv) /usr/bin/cmake --install /home/daniel/Oreo/build/oreo_description
