[0.196s] Invoking command in '/home/daniel/Oreo/build/motor_control': CMAKE_PREFIX_PATH=${CMAKE_PREFIX_PATH}:/home/daniel/robotics/ros2_ws/install/lab3:/home/daniel/robotics/ros2_ws/install/joe:/opt/ros/humble PS1=(.venv) \[\e]0;\u@\h: \w\a\]${debian_chroot:+($debian_chroot)}\[\033[01;32m\]\u@\h\[\033[00m\]:\[\033[01;34m\]\w\[\033[00m\]\$ VIRTUAL_ENV_PROMPT=(.venv) /usr/bin/cmake /home/daniel/Oreo/src/motor_control -DAMENT_CMAKE_SYMLINK_INSTALL=1 -DCMAKE_INSTALL_PREFIX=/home/daniel/Oreo/install/motor_control
[0.370s] -- The C compiler identification is GNU 11.4.0
[0.501s] -- The CXX compiler identification is GNU 11.4.0
[0.508s] -- Detecting C compiler ABI info
[0.564s] -- Detecting C compiler ABI info - done
[0.572s] -- Check for working C compiler: /usr/bin/cc - skipped
[0.572s] -- Detecting C compile features
[0.572s] -- Detecting C compile features - done
[0.574s] -- Detecting CXX compiler ABI info
[0.634s] -- Detecting CXX compiler ABI info - done
[0.639s] -- Check for working CXX compiler: /usr/bin/c++ - skipped
[0.639s] -- Detecting CXX compile features
[0.639s] -- Detecting CXX compile features - done
[0.644s] -- Found ament_cmake: 1.3.12 (/opt/ros/humble/share/ament_cmake/cmake)
[0.921s] -- Found Python3: /home/daniel/Oreo/.venv/bin/python3 (found version "3.10.12") found components: Interpreter 
[0.982s] -- Override CMake install command with custom implementation using symlinks instead of copying resources
[1.020s] -- Found ament_lint_auto: 0.12.14 (/opt/ros/humble/share/ament_lint_auto/cmake)
[1.108s] -- Added test 'flake8' to check Python code syntax and style conventions
[1.109s] -- Added test 'lint_cmake' to check CMake code style
[1.109s] -- Added test 'pep257' to check Python code against some of the docstring style conventions in PEP 257
[1.110s] -- Added test 'xmllint' to check XML markup files
[1.111s] -- Configuring done
[1.113s] -- Generating done
[1.114s] -- Build files have been written to: /home/daniel/Oreo/build/motor_control
[1.118s] Invoked command in '/home/daniel/Oreo/build/motor_control' returned '0': CMAKE_PREFIX_PATH=${CMAKE_PREFIX_PATH}:/home/daniel/robotics/ros2_ws/install/lab3:/home/daniel/robotics/ros2_ws/install/joe:/opt/ros/humble PS1=(.venv) \[\e]0;\u@\h: \w\a\]${debian_chroot:+($debian_chroot)}\[\033[01;32m\]\u@\h\[\033[00m\]:\[\033[01;34m\]\w\[\033[00m\]\$ VIRTUAL_ENV_PROMPT=(.venv) /usr/bin/cmake /home/daniel/Oreo/src/motor_control -DAMENT_CMAKE_SYMLINK_INSTALL=1 -DCMAKE_INSTALL_PREFIX=/home/daniel/Oreo/install/motor_control
[1.119s] Invoking command in '/home/daniel/Oreo/build/motor_control': CMAKE_PREFIX_PATH=${CMAKE_PREFIX_PATH}:/home/daniel/robotics/ros2_ws/install/lab3:/home/daniel/robotics/ros2_ws/install/joe:/opt/ros/humble PS1=(.venv) \[\e]0;\u@\h: \w\a\]${debian_chroot:+($debian_chroot)}\[\033[01;32m\]\u@\h\[\033[00m\]:\[\033[01;34m\]\w\[\033[00m\]\$ VIRTUAL_ENV_PROMPT=(.venv) /usr/bin/cmake --build /home/daniel/Oreo/build/motor_control -- -j16 -l16
[1.150s] Invoked command in '/home/daniel/Oreo/build/motor_control' returned '0': CMAKE_PREFIX_PATH=${CMAKE_PREFIX_PATH}:/home/daniel/robotics/ros2_ws/install/lab3:/home/daniel/robotics/ros2_ws/install/joe:/opt/ros/humble PS1=(.venv) \[\e]0;\u@\h: \w\a\]${debian_chroot:+($debian_chroot)}\[\033[01;32m\]\u@\h\[\033[00m\]:\[\033[01;34m\]\w\[\033[00m\]\$ VIRTUAL_ENV_PROMPT=(.venv) /usr/bin/cmake --build /home/daniel/Oreo/build/motor_control -- -j16 -l16
[1.156s] Invoking command in '/home/daniel/Oreo/build/motor_control': CMAKE_PREFIX_PATH=${CMAKE_PREFIX_PATH}:/home/daniel/robotics/ros2_ws/install/lab3:/home/daniel/robotics/ros2_ws/install/joe:/opt/ros/humble PS1=(.venv) \[\e]0;\u@\h: \w\a\]${debian_chroot:+($debian_chroot)}\[\033[01;32m\]\u@\h\[\033[00m\]:\[\033[01;34m\]\w\[\033[00m\]\$ VIRTUAL_ENV_PROMPT=(.venv) /usr/bin/cmake --install /home/daniel/Oreo/build/motor_control
[1.164s] -- Install configuration: ""
[1.164s] -- Execute custom install script
[1.164s] -- Symlinking: /home/daniel/Oreo/install/motor_control/share/ament_index/resource_index/package_run_dependencies/motor_control
[1.173s] -- Symlinking: /home/daniel/Oreo/install/motor_control/share/ament_index/resource_index/parent_prefix_path/motor_control
[1.181s] -- Symlinking: /home/daniel/Oreo/install/motor_control/share/motor_control/environment/ament_prefix_path.sh
[1.187s] -- Symlinking: /home/daniel/Oreo/install/motor_control/share/motor_control/environment/ament_prefix_path.dsv
[1.193s] -- Symlinking: /home/daniel/Oreo/install/motor_control/share/motor_control/environment/path.sh
[1.200s] -- Symlinking: /home/daniel/Oreo/install/motor_control/share/motor_control/environment/path.dsv
[1.208s] -- Symlinking: /home/daniel/Oreo/install/motor_control/share/motor_control/local_setup.bash
[1.216s] -- Symlinking: /home/daniel/Oreo/install/motor_control/share/motor_control/local_setup.sh
[1.222s] -- Symlinking: /home/daniel/Oreo/install/motor_control/share/motor_control/local_setup.zsh
[1.231s] -- Symlinking: /home/daniel/Oreo/install/motor_control/share/motor_control/local_setup.dsv
[1.236s] -- Symlinking: /home/daniel/Oreo/install/motor_control/share/motor_control/package.dsv
[1.242s] -- Symlinking: /home/daniel/Oreo/install/motor_control/share/ament_index/resource_index/packages/motor_control
[1.250s] -- Symlinking: /home/daniel/Oreo/install/motor_control/share/motor_control/cmake/motor_controlConfig.cmake
[1.256s] -- Symlinking: /home/daniel/Oreo/install/motor_control/share/motor_control/cmake/motor_controlConfig-version.cmake
[1.262s] -- Symlinking: /home/daniel/Oreo/install/motor_control/share/motor_control/package.xml
[1.268s] -- Symlinking: /home/daniel/Oreo/install/motor_control/lib/motor_control/keyboard_listener.py
[1.273s] -- Symlinking: /home/daniel/Oreo/install/motor_control/lib/motor_control/motor_control.py
[1.281s] Invoked command in '/home/daniel/Oreo/build/motor_control' returned '0': CMAKE_PREFIX_PATH=${CMAKE_PREFIX_PATH}:/home/daniel/robotics/ros2_ws/install/lab3:/home/daniel/robotics/ros2_ws/install/joe:/opt/ros/humble PS1=(.venv) \[\e]0;\u@\h: \w\a\]${debian_chroot:+($debian_chroot)}\[\033[01;32m\]\u@\h\[\033[00m\]:\[\033[01;34m\]\w\[\033[00m\]\$ VIRTUAL_ENV_PROMPT=(.venv) /usr/bin/cmake --install /home/daniel/Oreo/build/motor_control
