[0.008s] Invoking command in '/home/daniel/oreo/build/motor_control': CMAKE_PREFIX_PATH=${CMAKE_PREFIX_PATH}:/home/daniel/robotics/ros2_ws/install/lab3:/home/daniel/robotics/ros2_ws/install/joe:/opt/ros/humble /usr/bin/cmake /home/daniel/oreo/src/motor_control -DAMENT_CMAKE_SYMLINK_INSTALL=1 -DCMAKE_INSTALL_PREFIX=/home/daniel/oreo/install/motor_control
[0.067s] -- The C compiler identification is GNU 11.4.0
[0.116s] -- The CXX compiler identification is GNU 11.4.0
[0.122s] -- Detecting C compiler ABI info
[0.182s] -- Detecting C compiler ABI info - done
[0.188s] -- Check for working C compiler: /usr/bin/cc - skipped
[0.188s] -- Detecting C compile features
[0.188s] -- Detecting C compile features - done
[0.190s] -- Detecting CXX compiler ABI info
[0.262s] -- Detecting CXX compiler ABI info - done
[0.269s] -- Check for working CXX compiler: /usr/bin/c++ - skipped
[0.269s] -- Detecting CXX compile features
[0.269s] -- Detecting CXX compile features - done
[0.271s] -- Found ament_cmake: 1.3.12 (/opt/ros/humble/share/ament_cmake/cmake)
[0.435s] -- Found Python3: /usr/bin/python3 (found version "3.10.12") found components: Interpreter 
[0.496s] -- Override CMake install command with custom implementation using symlinks instead of copying resources
[0.518s] -- Found ament_lint_auto: 0.12.14 (/opt/ros/humble/share/ament_lint_auto/cmake)
[0.600s] -- Added test 'cppcheck' to perform static code analysis on C / C++ code
[0.600s] -- Configured cppcheck include dirs: 
[0.600s] -- Configured cppcheck exclude dirs and/or files: 
[0.601s] -- Added test 'flake8' to check Python code syntax and style conventions
[0.602s] -- Added test 'lint_cmake' to check CMake code style
[0.603s] -- Added test 'pep257' to check Python code against some of the docstring style conventions in PEP 257
[0.607s] -- Added test 'uncrustify' to check C / C++ code style
[0.607s] -- Configured uncrustify additional arguments: 
[0.607s] -- Added test 'xmllint' to check XML markup files
[0.608s] -- Configuring done
[0.618s] -- Generating done
[0.618s] -- Build files have been written to: /home/daniel/oreo/build/motor_control
[0.621s] Invoked command in '/home/daniel/oreo/build/motor_control' returned '0': CMAKE_PREFIX_PATH=${CMAKE_PREFIX_PATH}:/home/daniel/robotics/ros2_ws/install/lab3:/home/daniel/robotics/ros2_ws/install/joe:/opt/ros/humble /usr/bin/cmake /home/daniel/oreo/src/motor_control -DAMENT_CMAKE_SYMLINK_INSTALL=1 -DCMAKE_INSTALL_PREFIX=/home/daniel/oreo/install/motor_control
[0.622s] Invoking command in '/home/daniel/oreo/build/motor_control': CMAKE_PREFIX_PATH=${CMAKE_PREFIX_PATH}:/home/daniel/robotics/ros2_ws/install/lab3:/home/daniel/robotics/ros2_ws/install/joe:/opt/ros/humble /usr/bin/cmake --build /home/daniel/oreo/build/motor_control -- -j16 -l16
[0.681s] Invoked command in '/home/daniel/oreo/build/motor_control' returned '0': CMAKE_PREFIX_PATH=${CMAKE_PREFIX_PATH}:/home/daniel/robotics/ros2_ws/install/lab3:/home/daniel/robotics/ros2_ws/install/joe:/opt/ros/humble /usr/bin/cmake --build /home/daniel/oreo/build/motor_control -- -j16 -l16
[0.684s] Invoking command in '/home/daniel/oreo/build/motor_control': CMAKE_PREFIX_PATH=${CMAKE_PREFIX_PATH}:/home/daniel/robotics/ros2_ws/install/lab3:/home/daniel/robotics/ros2_ws/install/joe:/opt/ros/humble /usr/bin/cmake --install /home/daniel/oreo/build/motor_control
[0.710s] -- Install configuration: ""
[0.710s] -- Execute custom install script
[0.711s] -- Symlinking: /home/daniel/oreo/install/motor_control/share/ament_index/resource_index/package_run_dependencies/motor_control
[0.718s] -- Symlinking: /home/daniel/oreo/install/motor_control/share/ament_index/resource_index/parent_prefix_path/motor_control
[0.730s] -- Symlinking: /home/daniel/oreo/install/motor_control/share/motor_control/environment/ament_prefix_path.sh
[0.742s] -- Symlinking: /home/daniel/oreo/install/motor_control/share/motor_control/environment/ament_prefix_path.dsv
[0.754s] -- Symlinking: /home/daniel/oreo/install/motor_control/share/motor_control/environment/path.sh
[0.766s] -- Symlinking: /home/daniel/oreo/install/motor_control/share/motor_control/environment/path.dsv
[0.779s] -- Symlinking: /home/daniel/oreo/install/motor_control/share/motor_control/local_setup.bash
[0.797s] -- Symlinking: /home/daniel/oreo/install/motor_control/share/motor_control/local_setup.sh
[0.817s] -- Symlinking: /home/daniel/oreo/install/motor_control/share/motor_control/local_setup.zsh
[0.838s] -- Symlinking: /home/daniel/oreo/install/motor_control/share/motor_control/local_setup.dsv
[0.848s] -- Symlinking: /home/daniel/oreo/install/motor_control/share/motor_control/package.dsv
[0.860s] -- Symlinking: /home/daniel/oreo/install/motor_control/share/ament_index/resource_index/packages/motor_control
[0.880s] -- Symlinking: /home/daniel/oreo/install/motor_control/share/motor_control/cmake/motor_controlConfig.cmake
[0.899s] -- Symlinking: /home/daniel/oreo/install/motor_control/share/motor_control/cmake/motor_controlConfig-version.cmake
[0.911s] -- Symlinking: /home/daniel/oreo/install/motor_control/share/motor_control/package.xml
[0.927s] -- Symlinking: /home/daniel/oreo/install/motor_control/lib/motor_control/keyboard_listener.py
[0.946s] -- Symlinking: /home/daniel/oreo/install/motor_control/lib/motor_control/motor_control.py
[0.966s] Invoked command in '/home/daniel/oreo/build/motor_control' returned '0': CMAKE_PREFIX_PATH=${CMAKE_PREFIX_PATH}:/home/daniel/robotics/ros2_ws/install/lab3:/home/daniel/robotics/ros2_ws/install/joe:/opt/ros/humble /usr/bin/cmake --install /home/daniel/oreo/build/motor_control
