[0.008s] Invoking command in '/home/daniel/oreo/build/oreo_description': CMAKE_PREFIX_PATH=${CMAKE_PREFIX_PATH}:/home/daniel/robotics/ros2_ws/install/lab3:/home/daniel/robotics/ros2_ws/install/joe:/opt/ros/humble /usr/bin/cmake /home/daniel/oreo/src/oreo_description -DAMENT_CMAKE_SYMLINK_INSTALL=1 -DCMAKE_INSTALL_PREFIX=/home/daniel/oreo/install/oreo_description
[0.077s] -- The C compiler identification is GNU 11.4.0
[0.189s] -- The CXX compiler identification is GNU 11.4.0
[0.194s] -- Detecting C compiler ABI info
[0.288s] -- Detecting C compiler ABI info - done
[0.293s] -- Check for working C compiler: /usr/bin/cc - skipped
[0.293s] -- Detecting C compile features
[0.293s] -- Detecting C compile features - done
[0.296s] -- Detecting CXX compiler ABI info
[0.374s] -- Detecting CXX compiler ABI info - done
[0.379s] -- Check for working CXX compiler: /usr/bin/c++ - skipped
[0.379s] -- Detecting CXX compile features
[0.380s] -- Detecting CXX compile features - done
[0.381s] -- Found ament_cmake: 1.3.12 (/opt/ros/humble/share/ament_cmake/cmake)
[0.537s] -- Found Python3: /usr/bin/python3 (found version "3.10.12") found components: Interpreter 
[0.586s] -- Override CMake install command with custom implementation using symlinks instead of copying resources
[0.606s] -- Found ament_lint_auto: 0.12.14 (/opt/ros/humble/share/ament_lint_auto/cmake)
[0.687s] -- Added test 'lint_cmake' to check CMake code style
[0.688s] -- Added test 'xmllint' to check XML markup files
[0.688s] -- Configuring done
[0.690s] -- Generating done
[0.690s] -- Build files have been written to: /home/daniel/oreo/build/oreo_description
[0.694s] Invoked command in '/home/daniel/oreo/build/oreo_description' returned '0': CMAKE_PREFIX_PATH=${CMAKE_PREFIX_PATH}:/home/daniel/robotics/ros2_ws/install/lab3:/home/daniel/robotics/ros2_ws/install/joe:/opt/ros/humble /usr/bin/cmake /home/daniel/oreo/src/oreo_description -DAMENT_CMAKE_SYMLINK_INSTALL=1 -DCMAKE_INSTALL_PREFIX=/home/daniel/oreo/install/oreo_description
[0.695s] Invoking command in '/home/daniel/oreo/build/oreo_description': CMAKE_PREFIX_PATH=${CMAKE_PREFIX_PATH}:/home/daniel/robotics/ros2_ws/install/lab3:/home/daniel/robotics/ros2_ws/install/joe:/opt/ros/humble /usr/bin/cmake --build /home/daniel/oreo/build/oreo_description -- -j16 -l16
[0.744s] Invoked command in '/home/daniel/oreo/build/oreo_description' returned '0': CMAKE_PREFIX_PATH=${CMAKE_PREFIX_PATH}:/home/daniel/robotics/ros2_ws/install/lab3:/home/daniel/robotics/ros2_ws/install/joe:/opt/ros/humble /usr/bin/cmake --build /home/daniel/oreo/build/oreo_description -- -j16 -l16
[0.771s] Invoking command in '/home/daniel/oreo/build/oreo_description': CMAKE_PREFIX_PATH=${CMAKE_PREFIX_PATH}:/home/daniel/robotics/ros2_ws/install/lab3:/home/daniel/robotics/ros2_ws/install/joe:/opt/ros/humble /usr/bin/cmake --install /home/daniel/oreo/build/oreo_description
[0.805s] -- Install configuration: ""
[0.806s] -- Execute custom install script
[0.807s] -- Symlinking: /home/daniel/oreo/install/oreo_description/share/oreo_description/meshes/base_link.STL
[0.828s] -- Symlinking: /home/daniel/oreo/install/oreo_description/share/oreo_description/meshes/omni_wheel.STL
[0.855s] -- Symlinking: /home/daniel/oreo/install/oreo_description/share/oreo_description/urdf/my_robot.urdf
[0.875s] -- Symlinking: /home/daniel/oreo/install/oreo_description/share/ament_index/resource_index/package_run_dependencies/oreo_description
[0.893s] -- Symlinking: /home/daniel/oreo/install/oreo_description/share/ament_index/resource_index/parent_prefix_path/oreo_description
[0.913s] -- Symlinking: /home/daniel/oreo/install/oreo_description/share/oreo_description/environment/ament_prefix_path.sh
[0.931s] -- Symlinking: /home/daniel/oreo/install/oreo_description/share/oreo_description/environment/ament_prefix_path.dsv
[0.953s] -- Symlinking: /home/daniel/oreo/install/oreo_description/share/oreo_description/environment/path.sh
[0.978s] -- Symlinking: /home/daniel/oreo/install/oreo_description/share/oreo_description/environment/path.dsv
[1.000s] -- Symlinking: /home/daniel/oreo/install/oreo_description/share/oreo_description/local_setup.bash
[1.020s] -- Symlinking: /home/daniel/oreo/install/oreo_description/share/oreo_description/local_setup.sh
[1.045s] -- Symlinking: /home/daniel/oreo/install/oreo_description/share/oreo_description/local_setup.zsh
[1.067s] -- Symlinking: /home/daniel/oreo/install/oreo_description/share/oreo_description/local_setup.dsv
[1.088s] -- Symlinking: /home/daniel/oreo/install/oreo_description/share/oreo_description/package.dsv
[1.109s] -- Symlinking: /home/daniel/oreo/install/oreo_description/share/ament_index/resource_index/packages/oreo_description
[1.128s] -- Symlinking: /home/daniel/oreo/install/oreo_description/share/oreo_description/cmake/oreo_descriptionConfig.cmake
[1.158s] -- Symlinking: /home/daniel/oreo/install/oreo_description/share/oreo_description/cmake/oreo_descriptionConfig-version.cmake
[1.173s] -- Symlinking: /home/daniel/oreo/install/oreo_description/share/oreo_description/package.xml
[1.184s] Invoked command in '/home/daniel/oreo/build/oreo_description' returned '0': CMAKE_PREFIX_PATH=${CMAKE_PREFIX_PATH}:/home/daniel/robotics/ros2_ws/install/lab3:/home/daniel/robotics/ros2_ws/install/joe:/opt/ros/humble /usr/bin/cmake --install /home/daniel/oreo/build/oreo_description
