[0.009s] Invoking command in '/home/daniel/oreo/build/oreo_description': CMAKE_PREFIX_PATH=${CMAKE_PREFIX_PATH}:/home/daniel/robotics/ros2_ws/install/lab3:/home/daniel/robotics/ros2_ws/install/joe:/opt/ros/humble /usr/bin/cmake --build /home/daniel/oreo/build/oreo_description -- -j16 -l16
[0.033s] Invoked command in '/home/daniel/oreo/build/oreo_description' returned '0': CMAKE_PREFIX_PATH=${CMAKE_PREFIX_PATH}:/home/daniel/robotics/ros2_ws/install/lab3:/home/daniel/robotics/ros2_ws/install/joe:/opt/ros/humble /usr/bin/cmake --build /home/daniel/oreo/build/oreo_description -- -j16 -l16
[0.040s] Invoking command in '/home/daniel/oreo/build/oreo_description': CMAKE_PREFIX_PATH=${CMAKE_PREFIX_PATH}:/home/daniel/robotics/ros2_ws/install/lab3:/home/daniel/robotics/ros2_ws/install/joe:/opt/ros/humble /usr/bin/cmake --install /home/daniel/oreo/build/oreo_description
[0.047s] -- Install configuration: ""
[0.047s] -- Execute custom install script
[0.048s] -- Up-to-date symlink: /home/daniel/oreo/install/oreo_description/share/oreo_description/meshes/base_link.STL
[0.048s] -- Up-to-date symlink: /home/daniel/oreo/install/oreo_description/share/oreo_description/meshes/omni_wheel.STL
[0.048s] -- Up-to-date symlink: /home/daniel/oreo/install/oreo_description/share/oreo_description/sdf/oreo.sdf
[0.048s] -- Up-to-date symlink: /home/daniel/oreo/install/oreo_description/share/ament_index/resource_index/package_run_dependencies/oreo_description
[0.048s] -- Up-to-date symlink: /home/daniel/oreo/install/oreo_description/share/ament_index/resource_index/parent_prefix_path/oreo_description
[0.048s] -- Up-to-date symlink: /home/daniel/oreo/install/oreo_description/share/oreo_description/environment/ament_prefix_path.sh
[0.048s] -- Up-to-date symlink: /home/daniel/oreo/install/oreo_description/share/oreo_description/environment/ament_prefix_path.dsv
[0.048s] -- Up-to-date symlink: /home/daniel/oreo/install/oreo_description/share/oreo_description/environment/path.sh
[0.049s] -- Up-to-date symlink: /home/daniel/oreo/install/oreo_description/share/oreo_description/environment/path.dsv
[0.049s] -- Up-to-date symlink: /home/daniel/oreo/install/oreo_description/share/oreo_description/local_setup.bash
[0.049s] -- Up-to-date symlink: /home/daniel/oreo/install/oreo_description/share/oreo_description/local_setup.sh
[0.049s] -- Up-to-date symlink: /home/daniel/oreo/install/oreo_description/share/oreo_description/local_setup.zsh
[0.049s] -- Up-to-date symlink: /home/daniel/oreo/install/oreo_description/share/oreo_description/local_setup.dsv
[0.049s] -- Symlinking: /home/daniel/oreo/install/oreo_description/share/oreo_description/package.dsv
[0.057s] -- Up-to-date symlink: /home/daniel/oreo/install/oreo_description/share/ament_index/resource_index/packages/oreo_description
[0.058s] -- Up-to-date symlink: /home/daniel/oreo/install/oreo_description/share/oreo_description/cmake/oreo_descriptionConfig.cmake
[0.058s] -- Up-to-date symlink: /home/daniel/oreo/install/oreo_description/share/oreo_description/cmake/oreo_descriptionConfig-version.cmake
[0.058s] -- Up-to-date symlink: /home/daniel/oreo/install/oreo_description/share/oreo_description/package.xml
[0.061s] Invoked command in '/home/daniel/oreo/build/oreo_description' returned '0': CMAKE_PREFIX_PATH=${CMAKE_PREFIX_PATH}:/home/daniel/robotics/ros2_ws/install/lab3:/home/daniel/robotics/ros2_ws/install/joe:/opt/ros/humble /usr/bin/cmake --install /home/daniel/oreo/build/oreo_description
