[0.064s] DEBUG:colcon:Command line arguments: ['/usr/bin/colcon', 'build', '--symlink-install']
[0.064s] DEBUG:colcon:Parsed command line arguments: Namespace(log_base=None, log_level=None, verb_name='build', build_base='build', install_base='install', merge_install=False, symlink_install=True, test_result_base=None, continue_on_error=False, executor='parallel', parallel_workers=16, event_handlers=None, ignore_user_meta=False, metas=['./colcon.meta'], base_paths=['.'], packages_ignore=None, packages_ignore_regex=None, paths=None, packages_up_to=None, packages_up_to_regex=None, packages_above=None, packages_above_and_dependencies=None, packages_above_depth=None, packages_select_by_dep=None, packages_skip_by_dep=None, packages_skip_up_to=None, packages_select_build_failed=False, packages_skip_build_finished=False, packages_select_test_failures=False, packages_skip_test_passed=False, packages_select=None, packages_skip=None, packages_select_regex=None, packages_skip_regex=None, packages_start=None, packages_end=None, allow_overriding=[], cmake_args=None, cmake_target=None, cmake_target_skip_unavailable=False, cmake_clean_cache=False, cmake_clean_first=False, cmake_force_configure=False, ament_cmake_args=None, catkin_cmake_args=None, catkin_skip_building_tests=False, verb_parser=<colcon_defaults.argument_parser.defaults.DefaultArgumentsDecorator object at 0x792ec976eec0>, verb_extension=<colcon_core.verb.build.BuildVerb object at 0x792ec98aca30>, main=<bound method BuildVerb.main of <colcon_core.verb.build.BuildVerb object at 0x792ec98aca30>>)
[0.186s] Level 1:colcon.colcon_core.package_discovery:discover_packages(colcon_meta) check parameters
[0.187s] Level 1:colcon.colcon_core.package_discovery:discover_packages(recursive) check parameters
[0.187s] Level 1:colcon.colcon_core.package_discovery:discover_packages(ignore) check parameters
[0.187s] Level 1:colcon.colcon_core.package_discovery:discover_packages(path) check parameters
[0.187s] Level 1:colcon.colcon_core.package_discovery:discover_packages(colcon_meta) discover
[0.187s] Level 1:colcon.colcon_core.package_discovery:discover_packages(recursive) discover
[0.187s] INFO:colcon.colcon_core.package_discovery:Crawling recursively for packages in '/home/daniel/Oreo'
[0.187s] Level 1:colcon.colcon_core.package_identification:_identify(.) by extensions ['ignore', 'ignore_ament_install']
[0.187s] Level 1:colcon.colcon_core.package_identification:_identify(.) by extension 'ignore'
[0.187s] Level 1:colcon.colcon_core.package_identification:_identify(.) by extension 'ignore_ament_install'
[0.187s] Level 1:colcon.colcon_core.package_identification:_identify(.) by extensions ['colcon_pkg']
[0.187s] Level 1:colcon.colcon_core.package_identification:_identify(.) by extension 'colcon_pkg'
[0.187s] Level 1:colcon.colcon_core.package_identification:_identify(.) by extensions ['colcon_meta']
[0.187s] Level 1:colcon.colcon_core.package_identification:_identify(.) by extension 'colcon_meta'
[0.187s] Level 1:colcon.colcon_core.package_identification:_identify(.) by extensions ['ros']
[0.187s] Level 1:colcon.colcon_core.package_identification:_identify(.) by extension 'ros'
[0.209s] Level 1:colcon.colcon_core.package_identification:_identify(.) by extensions ['cmake', 'python']
[0.210s] Level 1:colcon.colcon_core.package_identification:_identify(.) by extension 'cmake'
[0.210s] Level 1:colcon.colcon_core.package_identification:_identify(.) by extension 'python'
[0.210s] Level 1:colcon.colcon_core.package_identification:_identify(.) by extensions ['python_setup_py']
[0.210s] Level 1:colcon.colcon_core.package_identification:_identify(.) by extension 'python_setup_py'
[0.210s] Level 1:colcon.colcon_core.package_identification:_identify(build) by extensions ['ignore', 'ignore_ament_install']
[0.210s] Level 1:colcon.colcon_core.package_identification:_identify(build) by extension 'ignore'
[0.210s] Level 1:colcon.colcon_core.package_identification:_identify(build) ignored
[0.210s] Level 1:colcon.colcon_core.package_identification:_identify(install) by extensions ['ignore', 'ignore_ament_install']
[0.210s] Level 1:colcon.colcon_core.package_identification:_identify(install) by extension 'ignore'
[0.210s] Level 1:colcon.colcon_core.package_identification:_identify(install) ignored
[0.210s] Level 1:colcon.colcon_core.package_identification:_identify(log) by extensions ['ignore', 'ignore_ament_install']
[0.210s] Level 1:colcon.colcon_core.package_identification:_identify(log) by extension 'ignore'
[0.210s] Level 1:colcon.colcon_core.package_identification:_identify(log) ignored
[0.210s] Level 1:colcon.colcon_core.package_identification:_identify(src) by extensions ['ignore', 'ignore_ament_install']
[0.210s] Level 1:colcon.colcon_core.package_identification:_identify(src) by extension 'ignore'
[0.210s] Level 1:colcon.colcon_core.package_identification:_identify(src) by extension 'ignore_ament_install'
[0.210s] Level 1:colcon.colcon_core.package_identification:_identify(src) by extensions ['colcon_pkg']
[0.210s] Level 1:colcon.colcon_core.package_identification:_identify(src) by extension 'colcon_pkg'
[0.210s] Level 1:colcon.colcon_core.package_identification:_identify(src) by extensions ['colcon_meta']
[0.210s] Level 1:colcon.colcon_core.package_identification:_identify(src) by extension 'colcon_meta'
[0.210s] Level 1:colcon.colcon_core.package_identification:_identify(src) by extensions ['ros']
[0.210s] Level 1:colcon.colcon_core.package_identification:_identify(src) by extension 'ros'
[0.210s] Level 1:colcon.colcon_core.package_identification:_identify(src) by extensions ['cmake', 'python']
[0.210s] Level 1:colcon.colcon_core.package_identification:_identify(src) by extension 'cmake'
[0.210s] Level 1:colcon.colcon_core.package_identification:_identify(src) by extension 'python'
[0.210s] Level 1:colcon.colcon_core.package_identification:_identify(src) by extensions ['python_setup_py']
[0.210s] Level 1:colcon.colcon_core.package_identification:_identify(src) by extension 'python_setup_py'
[0.210s] Level 1:colcon.colcon_core.package_identification:_identify(src/gogo_keyboard) by extensions ['ignore', 'ignore_ament_install']
[0.210s] Level 1:colcon.colcon_core.package_identification:_identify(src/gogo_keyboard) by extension 'ignore'
[0.210s] Level 1:colcon.colcon_core.package_identification:_identify(src/gogo_keyboard) by extension 'ignore_ament_install'
[0.211s] Level 1:colcon.colcon_core.package_identification:_identify(src/gogo_keyboard) by extensions ['colcon_pkg']
[0.211s] Level 1:colcon.colcon_core.package_identification:_identify(src/gogo_keyboard) by extension 'colcon_pkg'
[0.211s] Level 1:colcon.colcon_core.package_identification:_identify(src/gogo_keyboard) by extensions ['colcon_meta']
[0.211s] Level 1:colcon.colcon_core.package_identification:_identify(src/gogo_keyboard) by extension 'colcon_meta'
[0.211s] Level 1:colcon.colcon_core.package_identification:_identify(src/gogo_keyboard) by extensions ['ros']
[0.211s] Level 1:colcon.colcon_core.package_identification:_identify(src/gogo_keyboard) by extension 'ros'
[0.212s] DEBUG:colcon.colcon_core.package_identification:Package 'src/gogo_keyboard' with type 'ros.ament_python' and name 'gogo_keyboard'
[0.212s] Level 1:colcon.colcon_core.package_identification:_identify(src/motor_control) by extensions ['ignore', 'ignore_ament_install']
[0.212s] Level 1:colcon.colcon_core.package_identification:_identify(src/motor_control) by extension 'ignore'
[0.212s] Level 1:colcon.colcon_core.package_identification:_identify(src/motor_control) by extension 'ignore_ament_install'
[0.212s] Level 1:colcon.colcon_core.package_identification:_identify(src/motor_control) by extensions ['colcon_pkg']
[0.212s] Level 1:colcon.colcon_core.package_identification:_identify(src/motor_control) by extension 'colcon_pkg'
[0.212s] Level 1:colcon.colcon_core.package_identification:_identify(src/motor_control) by extensions ['colcon_meta']
[0.212s] Level 1:colcon.colcon_core.package_identification:_identify(src/motor_control) by extension 'colcon_meta'
[0.212s] Level 1:colcon.colcon_core.package_identification:_identify(src/motor_control) by extensions ['ros']
[0.212s] Level 1:colcon.colcon_core.package_identification:_identify(src/motor_control) by extension 'ros'
[0.213s] DEBUG:colcon.colcon_core.package_identification:Package 'src/motor_control' with type 'ros.ament_cmake' and name 'motor_control'
[0.213s] Level 1:colcon.colcon_core.package_identification:_identify(src/oreo_description) by extensions ['ignore', 'ignore_ament_install']
[0.213s] Level 1:colcon.colcon_core.package_identification:_identify(src/oreo_description) by extension 'ignore'
[0.213s] Level 1:colcon.colcon_core.package_identification:_identify(src/oreo_description) by extension 'ignore_ament_install'
[0.213s] Level 1:colcon.colcon_core.package_identification:_identify(src/oreo_description) by extensions ['colcon_pkg']
[0.213s] Level 1:colcon.colcon_core.package_identification:_identify(src/oreo_description) by extension 'colcon_pkg'
[0.213s] Level 1:colcon.colcon_core.package_identification:_identify(src/oreo_description) by extensions ['colcon_meta']
[0.213s] Level 1:colcon.colcon_core.package_identification:_identify(src/oreo_description) by extension 'colcon_meta'
[0.213s] Level 1:colcon.colcon_core.package_identification:_identify(src/oreo_description) by extensions ['ros']
[0.213s] Level 1:colcon.colcon_core.package_identification:_identify(src/oreo_description) by extension 'ros'
[0.213s] DEBUG:colcon.colcon_core.package_identification:Package 'src/oreo_description' with type 'ros.ament_cmake' and name 'oreo_description'
[0.213s] Level 1:colcon.colcon_core.package_discovery:discover_packages(recursive) using defaults
[0.213s] Level 1:colcon.colcon_core.package_discovery:discover_packages(ignore) discover
[0.213s] Level 1:colcon.colcon_core.package_discovery:discover_packages(ignore) using defaults
[0.213s] Level 1:colcon.colcon_core.package_discovery:discover_packages(path) discover
[0.213s] Level 1:colcon.colcon_core.package_discovery:discover_packages(path) using defaults
[0.226s] Level 1:colcon.colcon_core.package_discovery:discover_packages(prefix_path) check parameters
[0.226s] Level 1:colcon.colcon_core.package_discovery:discover_packages(prefix_path) discover
[0.227s] WARNING:colcon.colcon_ros.prefix_path.catkin:The path '/home/daniel/Oreo/install/oreo_description' in the environment variable CMAKE_PREFIX_PATH doesn't exist
[0.227s] WARNING:colcon.colcon_ros.prefix_path.catkin:The path '/home/daniel/Oreo/install/motor_control' in the environment variable CMAKE_PREFIX_PATH doesn't exist
[0.227s] DEBUG:colcon.colcon_installed_package_information.package_discovery:Found 0 installed packages in /home/daniel/Oreo/install
[0.227s] DEBUG:colcon.colcon_installed_package_information.package_discovery:Found 2 installed packages in /home/daniel/robotics/ros2_ws/install
[0.228s] DEBUG:colcon.colcon_installed_package_information.package_discovery:Found 400 installed packages in /opt/ros/humble
[0.229s] Level 1:colcon.colcon_core.package_discovery:discover_packages(prefix_path) using defaults
[0.255s] Level 5:colcon.colcon_core.verb:set package 'gogo_keyboard' build argument 'cmake_args' from command line to 'None'
[0.255s] Level 5:colcon.colcon_core.verb:set package 'gogo_keyboard' build argument 'cmake_target' from command line to 'None'
[0.255s] Level 5:colcon.colcon_core.verb:set package 'gogo_keyboard' build argument 'cmake_target_skip_unavailable' from command line to 'False'
[0.255s] Level 5:colcon.colcon_core.verb:set package 'gogo_keyboard' build argument 'cmake_clean_cache' from command line to 'False'
[0.255s] Level 5:colcon.colcon_core.verb:set package 'gogo_keyboard' build argument 'cmake_clean_first' from command line to 'False'
[0.255s] Level 5:colcon.colcon_core.verb:set package 'gogo_keyboard' build argument 'cmake_force_configure' from command line to 'False'
[0.255s] Level 5:colcon.colcon_core.verb:set package 'gogo_keyboard' build argument 'ament_cmake_args' from command line to 'None'
[0.255s] Level 5:colcon.colcon_core.verb:set package 'gogo_keyboard' build argument 'catkin_cmake_args' from command line to 'None'
[0.255s] Level 5:colcon.colcon_core.verb:set package 'gogo_keyboard' build argument 'catkin_skip_building_tests' from command line to 'False'
[0.255s] DEBUG:colcon.colcon_core.verb:Building package 'gogo_keyboard' with the following arguments: {'ament_cmake_args': None, 'build_base': '/home/daniel/Oreo/build/gogo_keyboard', 'catkin_cmake_args': None, 'catkin_skip_building_tests': False, 'cmake_args': None, 'cmake_clean_cache': False, 'cmake_clean_first': False, 'cmake_force_configure': False, 'cmake_target': None, 'cmake_target_skip_unavailable': False, 'install_base': '/home/daniel/Oreo/install/gogo_keyboard', 'merge_install': False, 'path': '/home/daniel/Oreo/src/gogo_keyboard', 'symlink_install': True, 'test_result_base': None}
[0.255s] Level 5:colcon.colcon_core.verb:set package 'motor_control' build argument 'cmake_args' from command line to 'None'
[0.255s] Level 5:colcon.colcon_core.verb:set package 'motor_control' build argument 'cmake_target' from command line to 'None'
[0.255s] Level 5:colcon.colcon_core.verb:set package 'motor_control' build argument 'cmake_target_skip_unavailable' from command line to 'False'
[0.255s] Level 5:colcon.colcon_core.verb:set package 'motor_control' build argument 'cmake_clean_cache' from command line to 'False'
[0.255s] Level 5:colcon.colcon_core.verb:set package 'motor_control' build argument 'cmake_clean_first' from command line to 'False'
[0.255s] Level 5:colcon.colcon_core.verb:set package 'motor_control' build argument 'cmake_force_configure' from command line to 'False'
[0.255s] Level 5:colcon.colcon_core.verb:set package 'motor_control' build argument 'ament_cmake_args' from command line to 'None'
[0.255s] Level 5:colcon.colcon_core.verb:set package 'motor_control' build argument 'catkin_cmake_args' from command line to 'None'
[0.255s] Level 5:colcon.colcon_core.verb:set package 'motor_control' build argument 'catkin_skip_building_tests' from command line to 'False'
[0.255s] DEBUG:colcon.colcon_core.verb:Building package 'motor_control' with the following arguments: {'ament_cmake_args': None, 'build_base': '/home/daniel/Oreo/build/motor_control', 'catkin_cmake_args': None, 'catkin_skip_building_tests': False, 'cmake_args': None, 'cmake_clean_cache': False, 'cmake_clean_first': False, 'cmake_force_configure': False, 'cmake_target': None, 'cmake_target_skip_unavailable': False, 'install_base': '/home/daniel/Oreo/install/motor_control', 'merge_install': False, 'path': '/home/daniel/Oreo/src/motor_control', 'symlink_install': True, 'test_result_base': None}
[0.256s] Level 5:colcon.colcon_core.verb:set package 'oreo_description' build argument 'cmake_args' from command line to 'None'
[0.256s] Level 5:colcon.colcon_core.verb:set package 'oreo_description' build argument 'cmake_target' from command line to 'None'
[0.256s] Level 5:colcon.colcon_core.verb:set package 'oreo_description' build argument 'cmake_target_skip_unavailable' from command line to 'False'
[0.256s] Level 5:colcon.colcon_core.verb:set package 'oreo_description' build argument 'cmake_clean_cache' from command line to 'False'
[0.256s] Level 5:colcon.colcon_core.verb:set package 'oreo_description' build argument 'cmake_clean_first' from command line to 'False'
[0.256s] Level 5:colcon.colcon_core.verb:set package 'oreo_description' build argument 'cmake_force_configure' from command line to 'False'
[0.256s] Level 5:colcon.colcon_core.verb:set package 'oreo_description' build argument 'ament_cmake_args' from command line to 'None'
[0.256s] Level 5:colcon.colcon_core.verb:set package 'oreo_description' build argument 'catkin_cmake_args' from command line to 'None'
[0.256s] Level 5:colcon.colcon_core.verb:set package 'oreo_description' build argument 'catkin_skip_building_tests' from command line to 'False'
[0.256s] DEBUG:colcon.colcon_core.verb:Building package 'oreo_description' with the following arguments: {'ament_cmake_args': None, 'build_base': '/home/daniel/Oreo/build/oreo_description', 'catkin_cmake_args': None, 'catkin_skip_building_tests': False, 'cmake_args': None, 'cmake_clean_cache': False, 'cmake_clean_first': False, 'cmake_force_configure': False, 'cmake_target': None, 'cmake_target_skip_unavailable': False, 'install_base': '/home/daniel/Oreo/install/oreo_description', 'merge_install': False, 'path': '/home/daniel/Oreo/src/oreo_description', 'symlink_install': True, 'test_result_base': None}
[0.256s] INFO:colcon.colcon_core.executor:Executing jobs using 'parallel' executor
[0.257s] DEBUG:colcon.colcon_parallel_executor.executor.parallel:run_until_complete
[0.257s] INFO:colcon.colcon_ros.task.ament_python.build:Building ROS package in '/home/daniel/Oreo/src/gogo_keyboard' with build type 'ament_python'
[0.257s] Level 1:colcon.colcon_core.shell:create_environment_hook('gogo_keyboard', 'ament_prefix_path')
[0.258s] INFO:colcon.colcon_core.plugin_system:Skipping extension 'colcon_core.shell.bat': Not used on non-Windows systems
[0.258s] INFO:colcon.colcon_core.shell:Creating environment hook '/home/daniel/Oreo/install/gogo_keyboard/share/gogo_keyboard/hook/ament_prefix_path.ps1'
[0.258s] INFO:colcon.colcon_core.shell:Creating environment descriptor '/home/daniel/Oreo/install/gogo_keyboard/share/gogo_keyboard/hook/ament_prefix_path.dsv'
[0.259s] INFO:colcon.colcon_core.shell:Creating environment hook '/home/daniel/Oreo/install/gogo_keyboard/share/gogo_keyboard/hook/ament_prefix_path.sh'
[0.259s] INFO:colcon.colcon_core.shell:Skip shell extension 'powershell' for command environment: Not usable outside of PowerShell
[0.259s] DEBUG:colcon.colcon_core.shell:Skip shell extension 'dsv' for command environment
[0.261s] INFO:colcon.colcon_ros.task.ament_cmake.build:Building ROS package in '/home/daniel/Oreo/src/motor_control' with build type 'ament_cmake'
[0.261s] INFO:colcon.colcon_cmake.task.cmake.build:Building CMake package in '/home/daniel/Oreo/src/motor_control'
[0.262s] INFO:colcon.colcon_core.shell:Skip shell extension 'powershell' for command environment: Not usable outside of PowerShell
[0.262s] DEBUG:colcon.colcon_core.shell:Skip shell extension 'dsv' for command environment
[0.264s] INFO:colcon.colcon_ros.task.ament_cmake.build:Building ROS package in '/home/daniel/Oreo/src/oreo_description' with build type 'ament_cmake'
[0.264s] INFO:colcon.colcon_cmake.task.cmake.build:Building CMake package in '/home/daniel/Oreo/src/oreo_description'
[0.264s] INFO:colcon.colcon_core.shell:Skip shell extension 'powershell' for command environment: Not usable outside of PowerShell
[0.264s] DEBUG:colcon.colcon_core.shell:Skip shell extension 'dsv' for command environment
[0.453s] INFO:colcon.colcon_core.task.python.build:Building Python package in '/home/daniel/Oreo/src/gogo_keyboard'
[0.453s] INFO:colcon.colcon_core.shell:Skip shell extension 'powershell' for command environment: Not usable outside of PowerShell
[0.453s] DEBUG:colcon.colcon_core.shell:Skip shell extension 'dsv' for command environment
[0.458s] DEBUG:colcon.colcon_core.event_handler.log_command:Invoking command in '/home/daniel/Oreo/build/motor_control': CMAKE_PREFIX_PATH=${CMAKE_PREFIX_PATH}:/home/daniel/robotics/ros2_ws/install/lab3:/home/daniel/robotics/ros2_ws/install/joe:/opt/ros/humble PS1=(.venv) \[\e]0;\u@\h: \w\a\]${debian_chroot:+($debian_chroot)}\[\033[01;32m\]\u@\h\[\033[00m\]:\[\033[01;34m\]\w\[\033[00m\]\$ VIRTUAL_ENV_PROMPT=(.venv) /usr/bin/cmake /home/daniel/Oreo/src/motor_control -DAMENT_CMAKE_SYMLINK_INSTALL=1 -DCMAKE_INSTALL_PREFIX=/home/daniel/Oreo/install/motor_control
[0.460s] DEBUG:colcon.colcon_core.event_handler.log_command:Invoking command in '/home/daniel/Oreo/build/oreo_description': CMAKE_PREFIX_PATH=${CMAKE_PREFIX_PATH}:/home/daniel/robotics/ros2_ws/install/lab3:/home/daniel/robotics/ros2_ws/install/joe:/opt/ros/humble PS1=(.venv) \[\e]0;\u@\h: \w\a\]${debian_chroot:+($debian_chroot)}\[\033[01;32m\]\u@\h\[\033[00m\]:\[\033[01;34m\]\w\[\033[00m\]\$ VIRTUAL_ENV_PROMPT=(.venv) /usr/bin/cmake /home/daniel/Oreo/src/oreo_description -DAMENT_CMAKE_SYMLINK_INSTALL=1 -DCMAKE_INSTALL_PREFIX=/home/daniel/Oreo/install/oreo_description
[0.722s] DEBUG:colcon.colcon_core.event_handler.log_command:Invoking command in '/home/daniel/Oreo/build/gogo_keyboard': PS1=(.venv) \[\e]0;\u@\h: \w\a\]${debian_chroot:+($debian_chroot)}\[\033[01;32m\]\u@\h\[\033[00m\]:\[\033[01;34m\]\w\[\033[00m\]\$ PYTHONPATH=/home/daniel/Oreo/build/gogo_keyboard/prefix_override:/usr/lib/python3/dist-packages/colcon_core/task/python/colcon_distutils_commands:/home/daniel/Oreo/install/gogo_keyboard/lib/python3.10/site-packages:${PYTHONPATH} VIRTUAL_ENV_PROMPT=(.venv) /usr/bin/python3 -W ignore:setup.py install is deprecated -W ignore:easy_install command is deprecated setup.py develop --editable --build-directory /home/daniel/Oreo/build/gogo_keyboard/build --no-deps symlink_data
[1.379s] DEBUG:colcon.colcon_core.event_handler.log_command:Invoked command in '/home/daniel/Oreo/build/oreo_description' returned '0': CMAKE_PREFIX_PATH=${CMAKE_PREFIX_PATH}:/home/daniel/robotics/ros2_ws/install/lab3:/home/daniel/robotics/ros2_ws/install/joe:/opt/ros/humble PS1=(.venv) \[\e]0;\u@\h: \w\a\]${debian_chroot:+($debian_chroot)}\[\033[01;32m\]\u@\h\[\033[00m\]:\[\033[01;34m\]\w\[\033[00m\]\$ VIRTUAL_ENV_PROMPT=(.venv) /usr/bin/cmake /home/daniel/Oreo/src/oreo_description -DAMENT_CMAKE_SYMLINK_INSTALL=1 -DCMAKE_INSTALL_PREFIX=/home/daniel/Oreo/install/oreo_description
[1.380s] DEBUG:colcon.colcon_core.event_handler.log_command:Invoking command in '/home/daniel/Oreo/build/oreo_description': CMAKE_PREFIX_PATH=${CMAKE_PREFIX_PATH}:/home/daniel/robotics/ros2_ws/install/lab3:/home/daniel/robotics/ros2_ws/install/joe:/opt/ros/humble PS1=(.venv) \[\e]0;\u@\h: \w\a\]${debian_chroot:+($debian_chroot)}\[\033[01;32m\]\u@\h\[\033[00m\]:\[\033[01;34m\]\w\[\033[00m\]\$ VIRTUAL_ENV_PROMPT=(.venv) /usr/bin/cmake --build /home/daniel/Oreo/build/oreo_description -- -j16 -l16
[1.380s] DEBUG:colcon.colcon_core.event_handler.log_command:Invoked command in '/home/daniel/Oreo/build/motor_control' returned '0': CMAKE_PREFIX_PATH=${CMAKE_PREFIX_PATH}:/home/daniel/robotics/ros2_ws/install/lab3:/home/daniel/robotics/ros2_ws/install/joe:/opt/ros/humble PS1=(.venv) \[\e]0;\u@\h: \w\a\]${debian_chroot:+($debian_chroot)}\[\033[01;32m\]\u@\h\[\033[00m\]:\[\033[01;34m\]\w\[\033[00m\]\$ VIRTUAL_ENV_PROMPT=(.venv) /usr/bin/cmake /home/daniel/Oreo/src/motor_control -DAMENT_CMAKE_SYMLINK_INSTALL=1 -DCMAKE_INSTALL_PREFIX=/home/daniel/Oreo/install/motor_control
[1.381s] DEBUG:colcon.colcon_core.event_handler.log_command:Invoking command in '/home/daniel/Oreo/build/motor_control': CMAKE_PREFIX_PATH=${CMAKE_PREFIX_PATH}:/home/daniel/robotics/ros2_ws/install/lab3:/home/daniel/robotics/ros2_ws/install/joe:/opt/ros/humble PS1=(.venv) \[\e]0;\u@\h: \w\a\]${debian_chroot:+($debian_chroot)}\[\033[01;32m\]\u@\h\[\033[00m\]:\[\033[01;34m\]\w\[\033[00m\]\$ VIRTUAL_ENV_PROMPT=(.venv) /usr/bin/cmake --build /home/daniel/Oreo/build/motor_control -- -j16 -l16
[1.412s] DEBUG:colcon.colcon_core.event_handler.log_command:Invoked command in '/home/daniel/Oreo/build/motor_control' returned '0': CMAKE_PREFIX_PATH=${CMAKE_PREFIX_PATH}:/home/daniel/robotics/ros2_ws/install/lab3:/home/daniel/robotics/ros2_ws/install/joe:/opt/ros/humble PS1=(.venv) \[\e]0;\u@\h: \w\a\]${debian_chroot:+($debian_chroot)}\[\033[01;32m\]\u@\h\[\033[00m\]:\[\033[01;34m\]\w\[\033[00m\]\$ VIRTUAL_ENV_PROMPT=(.venv) /usr/bin/cmake --build /home/daniel/Oreo/build/motor_control -- -j16 -l16
[1.418s] DEBUG:colcon.colcon_core.event_handler.log_command:Invoking command in '/home/daniel/Oreo/build/motor_control': CMAKE_PREFIX_PATH=${CMAKE_PREFIX_PATH}:/home/daniel/robotics/ros2_ws/install/lab3:/home/daniel/robotics/ros2_ws/install/joe:/opt/ros/humble PS1=(.venv) \[\e]0;\u@\h: \w\a\]${debian_chroot:+($debian_chroot)}\[\033[01;32m\]\u@\h\[\033[00m\]:\[\033[01;34m\]\w\[\033[00m\]\$ VIRTUAL_ENV_PROMPT=(.venv) /usr/bin/cmake --install /home/daniel/Oreo/build/motor_control
[1.419s] DEBUG:colcon.colcon_core.event_handler.log_command:Invoked command in '/home/daniel/Oreo/build/oreo_description' returned '0': CMAKE_PREFIX_PATH=${CMAKE_PREFIX_PATH}:/home/daniel/robotics/ros2_ws/install/lab3:/home/daniel/robotics/ros2_ws/install/joe:/opt/ros/humble PS1=(.venv) \[\e]0;\u@\h: \w\a\]${debian_chroot:+($debian_chroot)}\[\033[01;32m\]\u@\h\[\033[00m\]:\[\033[01;34m\]\w\[\033[00m\]\$ VIRTUAL_ENV_PROMPT=(.venv) /usr/bin/cmake --build /home/daniel/Oreo/build/oreo_description -- -j16 -l16
[1.420s] DEBUG:colcon.colcon_core.event_handler.log_command:Invoking command in '/home/daniel/Oreo/build/oreo_description': CMAKE_PREFIX_PATH=${CMAKE_PREFIX_PATH}:/home/daniel/robotics/ros2_ws/install/lab3:/home/daniel/robotics/ros2_ws/install/joe:/opt/ros/humble PS1=(.venv) \[\e]0;\u@\h: \w\a\]${debian_chroot:+($debian_chroot)}\[\033[01;32m\]\u@\h\[\033[00m\]:\[\033[01;34m\]\w\[\033[00m\]\$ VIRTUAL_ENV_PROMPT=(.venv) /usr/bin/cmake --install /home/daniel/Oreo/build/oreo_description
[1.543s] Level 1:colcon.colcon_core.environment:create_environment_scripts_only(motor_control)
[1.543s] DEBUG:colcon.colcon_core.event_handler.log_command:Invoked command in '/home/daniel/Oreo/build/motor_control' returned '0': CMAKE_PREFIX_PATH=${CMAKE_PREFIX_PATH}:/home/daniel/robotics/ros2_ws/install/lab3:/home/daniel/robotics/ros2_ws/install/joe:/opt/ros/humble PS1=(.venv) \[\e]0;\u@\h: \w\a\]${debian_chroot:+($debian_chroot)}\[\033[01;32m\]\u@\h\[\033[00m\]:\[\033[01;34m\]\w\[\033[00m\]\$ VIRTUAL_ENV_PROMPT=(.venv) /usr/bin/cmake --install /home/daniel/Oreo/build/motor_control
[1.545s] Level 1:colcon.colcon_core.environment:checking '/home/daniel/Oreo/install/motor_control' for CMake module files
[1.546s] Level 1:colcon.colcon_core.environment:checking '/home/daniel/Oreo/install/motor_control' for CMake config files
[1.546s] Level 1:colcon.colcon_core.shell:create_environment_hook('motor_control', 'cmake_prefix_path')
[1.547s] INFO:colcon.colcon_core.shell:Creating environment hook '/home/daniel/Oreo/install/motor_control/share/motor_control/hook/cmake_prefix_path.ps1'
[1.547s] INFO:colcon.colcon_core.shell:Creating environment descriptor '/home/daniel/Oreo/install/motor_control/share/motor_control/hook/cmake_prefix_path.dsv'
[1.548s] INFO:colcon.colcon_core.shell:Creating environment hook '/home/daniel/Oreo/install/motor_control/share/motor_control/hook/cmake_prefix_path.sh'
[1.548s] Level 1:colcon.colcon_core.environment:checking '/home/daniel/Oreo/install/motor_control/lib'
[1.549s] Level 1:colcon.colcon_core.environment:checking '/home/daniel/Oreo/install/motor_control/bin'
[1.549s] Level 1:colcon.colcon_core.environment:checking '/home/daniel/Oreo/install/motor_control/lib/pkgconfig/motor_control.pc'
[1.549s] Level 1:colcon.colcon_core.environment:checking '/home/daniel/Oreo/install/motor_control/lib/python3.10/site-packages'
[1.549s] Level 1:colcon.colcon_core.environment:checking '/home/daniel/Oreo/install/motor_control/bin'
[1.550s] INFO:colcon.colcon_core.shell:Creating package script '/home/daniel/Oreo/install/motor_control/share/motor_control/package.ps1'
[1.551s] INFO:colcon.colcon_core.shell:Creating package descriptor '/home/daniel/Oreo/install/motor_control/share/motor_control/package.dsv'
[1.551s] INFO:colcon.colcon_core.shell:Creating package script '/home/daniel/Oreo/install/motor_control/share/motor_control/package.sh'
[1.552s] INFO:colcon.colcon_core.shell:Creating package script '/home/daniel/Oreo/install/motor_control/share/motor_control/package.bash'
[1.553s] INFO:colcon.colcon_core.shell:Creating package script '/home/daniel/Oreo/install/motor_control/share/motor_control/package.zsh'
[1.553s] Level 1:colcon.colcon_core.environment:create_file_with_runtime_dependencies(/home/daniel/Oreo/install/motor_control/share/colcon-core/packages/motor_control)
[1.554s] Level 1:colcon.colcon_core.environment:create_environment_scripts_only(motor_control)
[1.554s] Level 1:colcon.colcon_core.environment:checking '/home/daniel/Oreo/install/motor_control' for CMake module files
[1.554s] Level 1:colcon.colcon_core.environment:checking '/home/daniel/Oreo/install/motor_control' for CMake config files
[1.554s] Level 1:colcon.colcon_core.shell:create_environment_hook('motor_control', 'cmake_prefix_path')
[1.554s] INFO:colcon.colcon_core.shell:Creating environment hook '/home/daniel/Oreo/install/motor_control/share/motor_control/hook/cmake_prefix_path.ps1'
[1.555s] INFO:colcon.colcon_core.shell:Creating environment descriptor '/home/daniel/Oreo/install/motor_control/share/motor_control/hook/cmake_prefix_path.dsv'
[1.555s] INFO:colcon.colcon_core.shell:Creating environment hook '/home/daniel/Oreo/install/motor_control/share/motor_control/hook/cmake_prefix_path.sh'
[1.555s] Level 1:colcon.colcon_core.environment:checking '/home/daniel/Oreo/install/motor_control/lib'
[1.555s] Level 1:colcon.colcon_core.environment:checking '/home/daniel/Oreo/install/motor_control/bin'
[1.555s] Level 1:colcon.colcon_core.environment:checking '/home/daniel/Oreo/install/motor_control/lib/pkgconfig/motor_control.pc'
[1.556s] Level 1:colcon.colcon_core.environment:checking '/home/daniel/Oreo/install/motor_control/lib/python3.10/site-packages'
[1.556s] Level 1:colcon.colcon_core.environment:checking '/home/daniel/Oreo/install/motor_control/bin'
[1.556s] INFO:colcon.colcon_core.shell:Creating package script '/home/daniel/Oreo/install/motor_control/share/motor_control/package.ps1'
[1.556s] INFO:colcon.colcon_core.shell:Creating package descriptor '/home/daniel/Oreo/install/motor_control/share/motor_control/package.dsv'
[1.557s] INFO:colcon.colcon_core.shell:Creating package script '/home/daniel/Oreo/install/motor_control/share/motor_control/package.sh'
[1.557s] INFO:colcon.colcon_core.shell:Creating package script '/home/daniel/Oreo/install/motor_control/share/motor_control/package.bash'
[1.557s] INFO:colcon.colcon_core.shell:Creating package script '/home/daniel/Oreo/install/motor_control/share/motor_control/package.zsh'
[1.557s] Level 1:colcon.colcon_core.environment:create_file_with_runtime_dependencies(/home/daniel/Oreo/install/motor_control/share/colcon-core/packages/motor_control)
[1.558s] Level 1:colcon.colcon_core.environment:create_environment_scripts_only(oreo_description)
[1.558s] Level 1:colcon.colcon_core.environment:checking '/home/daniel/Oreo/install/oreo_description' for CMake module files
[1.558s] DEBUG:colcon.colcon_core.event_handler.log_command:Invoked command in '/home/daniel/Oreo/build/oreo_description' returned '0': CMAKE_PREFIX_PATH=${CMAKE_PREFIX_PATH}:/home/daniel/robotics/ros2_ws/install/lab3:/home/daniel/robotics/ros2_ws/install/joe:/opt/ros/humble PS1=(.venv) \[\e]0;\u@\h: \w\a\]${debian_chroot:+($debian_chroot)}\[\033[01;32m\]\u@\h\[\033[00m\]:\[\033[01;34m\]\w\[\033[00m\]\$ VIRTUAL_ENV_PROMPT=(.venv) /usr/bin/cmake --install /home/daniel/Oreo/build/oreo_description
[1.558s] Level 1:colcon.colcon_core.environment:checking '/home/daniel/Oreo/install/oreo_description' for CMake config files
[1.559s] Level 1:colcon.colcon_core.shell:create_environment_hook('oreo_description', 'cmake_prefix_path')
[1.559s] INFO:colcon.colcon_core.shell:Creating environment hook '/home/daniel/Oreo/install/oreo_description/share/oreo_description/hook/cmake_prefix_path.ps1'
[1.559s] INFO:colcon.colcon_core.shell:Creating environment descriptor '/home/daniel/Oreo/install/oreo_description/share/oreo_description/hook/cmake_prefix_path.dsv'
[1.559s] INFO:colcon.colcon_core.shell:Creating environment hook '/home/daniel/Oreo/install/oreo_description/share/oreo_description/hook/cmake_prefix_path.sh'
[1.560s] Level 1:colcon.colcon_core.environment:checking '/home/daniel/Oreo/install/oreo_description/bin'
[1.560s] Level 1:colcon.colcon_core.environment:checking '/home/daniel/Oreo/install/oreo_description/lib/pkgconfig/oreo_description.pc'
[1.560s] Level 1:colcon.colcon_core.environment:checking '/home/daniel/Oreo/install/oreo_description/lib/python3.10/site-packages'
[1.560s] Level 1:colcon.colcon_core.environment:checking '/home/daniel/Oreo/install/oreo_description/bin'
[1.560s] INFO:colcon.colcon_core.shell:Creating package script '/home/daniel/Oreo/install/oreo_description/share/oreo_description/package.ps1'
[1.561s] INFO:colcon.colcon_core.shell:Creating package descriptor '/home/daniel/Oreo/install/oreo_description/share/oreo_description/package.dsv'
[1.561s] INFO:colcon.colcon_core.shell:Creating package script '/home/daniel/Oreo/install/oreo_description/share/oreo_description/package.sh'
[1.561s] INFO:colcon.colcon_core.shell:Creating package script '/home/daniel/Oreo/install/oreo_description/share/oreo_description/package.bash'
[1.561s] INFO:colcon.colcon_core.shell:Creating package script '/home/daniel/Oreo/install/oreo_description/share/oreo_description/package.zsh'
[1.561s] Level 1:colcon.colcon_core.environment:create_file_with_runtime_dependencies(/home/daniel/Oreo/install/oreo_description/share/colcon-core/packages/oreo_description)
[1.562s] Level 1:colcon.colcon_core.environment:create_environment_scripts_only(oreo_description)
[1.562s] Level 1:colcon.colcon_core.environment:checking '/home/daniel/Oreo/install/oreo_description' for CMake module files
[1.562s] Level 1:colcon.colcon_core.environment:checking '/home/daniel/Oreo/install/oreo_description' for CMake config files
[1.562s] Level 1:colcon.colcon_core.shell:create_environment_hook('oreo_description', 'cmake_prefix_path')
[1.562s] INFO:colcon.colcon_core.shell:Creating environment hook '/home/daniel/Oreo/install/oreo_description/share/oreo_description/hook/cmake_prefix_path.ps1'
[1.562s] INFO:colcon.colcon_core.shell:Creating environment descriptor '/home/daniel/Oreo/install/oreo_description/share/oreo_description/hook/cmake_prefix_path.dsv'
[1.563s] INFO:colcon.colcon_core.shell:Creating environment hook '/home/daniel/Oreo/install/oreo_description/share/oreo_description/hook/cmake_prefix_path.sh'
[1.563s] Level 1:colcon.colcon_core.environment:checking '/home/daniel/Oreo/install/oreo_description/bin'
[1.563s] Level 1:colcon.colcon_core.environment:checking '/home/daniel/Oreo/install/oreo_description/lib/pkgconfig/oreo_description.pc'
[1.563s] Level 1:colcon.colcon_core.environment:checking '/home/daniel/Oreo/install/oreo_description/lib/python3.10/site-packages'
[1.563s] Level 1:colcon.colcon_core.environment:checking '/home/daniel/Oreo/install/oreo_description/bin'
[1.564s] INFO:colcon.colcon_core.shell:Creating package script '/home/daniel/Oreo/install/oreo_description/share/oreo_description/package.ps1'
[1.564s] INFO:colcon.colcon_core.shell:Creating package descriptor '/home/daniel/Oreo/install/oreo_description/share/oreo_description/package.dsv'
[1.564s] INFO:colcon.colcon_core.shell:Creating package script '/home/daniel/Oreo/install/oreo_description/share/oreo_description/package.sh'
[1.564s] INFO:colcon.colcon_core.shell:Creating package script '/home/daniel/Oreo/install/oreo_description/share/oreo_description/package.bash'
[1.565s] INFO:colcon.colcon_core.shell:Creating package script '/home/daniel/Oreo/install/oreo_description/share/oreo_description/package.zsh'
[1.565s] Level 1:colcon.colcon_core.environment:create_file_with_runtime_dependencies(/home/daniel/Oreo/install/oreo_description/share/colcon-core/packages/oreo_description)
[2.175s] Level 1:colcon.colcon_core.shell:create_environment_hook('gogo_keyboard', 'pythonpath_develop')
[2.175s] INFO:colcon.colcon_core.shell:Creating environment hook '/home/daniel/Oreo/build/gogo_keyboard/src/share/gogo_keyboard/hook/pythonpath_develop.ps1'
[2.175s] DEBUG:colcon.colcon_core.event_handler.log_command:Invoked command in '/home/daniel/Oreo/build/gogo_keyboard' returned '0': PS1=(.venv) \[\e]0;\u@\h: \w\a\]${debian_chroot:+($debian_chroot)}\[\033[01;32m\]\u@\h\[\033[00m\]:\[\033[01;34m\]\w\[\033[00m\]\$ PYTHONPATH=/home/daniel/Oreo/build/gogo_keyboard/prefix_override:/usr/lib/python3/dist-packages/colcon_core/task/python/colcon_distutils_commands:/home/daniel/Oreo/install/gogo_keyboard/lib/python3.10/site-packages:${PYTHONPATH} VIRTUAL_ENV_PROMPT=(.venv) /usr/bin/python3 -W ignore:setup.py install is deprecated -W ignore:easy_install command is deprecated setup.py develop --editable --build-directory /home/daniel/Oreo/build/gogo_keyboard/build --no-deps symlink_data
[2.176s] INFO:colcon.colcon_core.shell:Creating environment descriptor '/home/daniel/Oreo/build/gogo_keyboard/src/share/gogo_keyboard/hook/pythonpath_develop.dsv'
[2.176s] INFO:colcon.colcon_core.shell:Creating environment hook '/home/daniel/Oreo/build/gogo_keyboard/src/share/gogo_keyboard/hook/pythonpath_develop.sh'
[2.177s] Level 1:colcon.colcon_core.environment:checking '/home/daniel/Oreo/install/gogo_keyboard' for CMake module files
[2.178s] Level 1:colcon.colcon_core.environment:checking '/home/daniel/Oreo/install/gogo_keyboard' for CMake config files
[2.178s] Level 1:colcon.colcon_core.environment:checking '/home/daniel/Oreo/install/gogo_keyboard/lib'
[2.178s] Level 1:colcon.colcon_core.environment:checking '/home/daniel/Oreo/install/gogo_keyboard/bin'
[2.178s] Level 1:colcon.colcon_core.environment:checking '/home/daniel/Oreo/install/gogo_keyboard/lib/pkgconfig/gogo_keyboard.pc'
[2.179s] Level 1:colcon.colcon_core.environment:checking '/home/daniel/Oreo/install/gogo_keyboard/lib/python3.10/site-packages'
[2.179s] Level 1:colcon.colcon_core.shell:create_environment_hook('gogo_keyboard', 'pythonpath')
[2.179s] INFO:colcon.colcon_core.shell:Creating environment hook '/home/daniel/Oreo/install/gogo_keyboard/share/gogo_keyboard/hook/pythonpath.ps1'
[2.179s] INFO:colcon.colcon_core.shell:Creating environment descriptor '/home/daniel/Oreo/install/gogo_keyboard/share/gogo_keyboard/hook/pythonpath.dsv'
[2.180s] INFO:colcon.colcon_core.shell:Creating environment hook '/home/daniel/Oreo/install/gogo_keyboard/share/gogo_keyboard/hook/pythonpath.sh'
[2.181s] Level 1:colcon.colcon_core.environment:checking '/home/daniel/Oreo/install/gogo_keyboard/bin'
[2.181s] Level 1:colcon.colcon_core.environment:create_environment_scripts_only(gogo_keyboard)
[2.181s] INFO:colcon.colcon_core.shell:Creating package script '/home/daniel/Oreo/install/gogo_keyboard/share/gogo_keyboard/package.ps1'
[2.182s] INFO:colcon.colcon_core.shell:Creating package descriptor '/home/daniel/Oreo/install/gogo_keyboard/share/gogo_keyboard/package.dsv'
[2.182s] INFO:colcon.colcon_core.shell:Creating package script '/home/daniel/Oreo/install/gogo_keyboard/share/gogo_keyboard/package.sh'
[2.183s] INFO:colcon.colcon_core.shell:Creating package script '/home/daniel/Oreo/install/gogo_keyboard/share/gogo_keyboard/package.bash'
[2.183s] INFO:colcon.colcon_core.shell:Creating package script '/home/daniel/Oreo/install/gogo_keyboard/share/gogo_keyboard/package.zsh'
[2.184s] Level 1:colcon.colcon_core.environment:create_file_with_runtime_dependencies(/home/daniel/Oreo/install/gogo_keyboard/share/colcon-core/packages/gogo_keyboard)
[2.184s] DEBUG:colcon.colcon_parallel_executor.executor.parallel:closing loop
[2.184s] DEBUG:colcon.colcon_parallel_executor.executor.parallel:loop closed
[2.184s] DEBUG:colcon.colcon_parallel_executor.executor.parallel:run_until_complete finished with '0'
[2.184s] DEBUG:colcon.colcon_core.event_reactor:joining thread
[2.188s] INFO:colcon.colcon_core.plugin_system:Skipping extension 'colcon_notification.desktop_notification.terminal_notifier': Not used on non-Darwin systems
[2.189s] INFO:colcon.colcon_core.plugin_system:Skipping extension 'colcon_notification.desktop_notification.win32': Not used on non-Windows systems
[2.189s] INFO:colcon.colcon_notification.desktop_notification:Sending desktop notification using 'notify2'
[2.200s] DEBUG:colcon.colcon_core.event_reactor:joined thread
[2.201s] INFO:colcon.colcon_core.shell:Creating prefix script '/home/daniel/Oreo/install/local_setup.ps1'
[2.201s] INFO:colcon.colcon_core.shell:Creating prefix util module '/home/daniel/Oreo/install/_local_setup_util_ps1.py'
[2.202s] INFO:colcon.colcon_core.shell:Creating prefix chain script '/home/daniel/Oreo/install/setup.ps1'
[2.203s] INFO:colcon.colcon_core.shell:Creating prefix script '/home/daniel/Oreo/install/local_setup.sh'
[2.204s] INFO:colcon.colcon_core.shell:Creating prefix util module '/home/daniel/Oreo/install/_local_setup_util_sh.py'
[2.204s] INFO:colcon.colcon_core.shell:Creating prefix chain script '/home/daniel/Oreo/install/setup.sh'
[2.205s] INFO:colcon.colcon_core.shell:Creating prefix script '/home/daniel/Oreo/install/local_setup.bash'
[2.205s] INFO:colcon.colcon_core.shell:Creating prefix chain script '/home/daniel/Oreo/install/setup.bash'
[2.205s] INFO:colcon.colcon_core.shell:Creating prefix script '/home/daniel/Oreo/install/local_setup.zsh'
[2.206s] INFO:colcon.colcon_core.shell:Creating prefix chain script '/home/daniel/Oreo/install/setup.zsh'
