[0.465s] Invoking command in '/home/daniel/Oreo/build/gogo_keyboard': PS1=(.venv) \[\e]0;\u@\h: \w\a\]${debian_chroot:+($debian_chroot)}\[\033[01;32m\]\u@\h\[\033[00m\]:\[\033[01;34m\]\w\[\033[00m\]\$ PYTHONPATH=/home/daniel/Oreo/build/gogo_keyboard/prefix_override:/usr/lib/python3/dist-packages/colcon_core/task/python/colcon_distutils_commands:/home/daniel/Oreo/install/gogo_keyboard/lib/python3.10/site-packages:${PYTHONPATH} VIRTUAL_ENV_PROMPT=(.venv) /usr/bin/python3 -W ignore:setup.py install is deprecated -W ignore:easy_install command is deprecated setup.py develop --editable --build-directory /home/daniel/Oreo/build/gogo_keyboard/build --no-deps symlink_data
[0.662s] running develop
[0.787s] running egg_info
[0.787s] creating src/gogo_keyboard.egg-info
[0.787s] writing src/gogo_keyboard.egg-info/PKG-INFO
[0.787s] writing dependency_links to src/gogo_keyboard.egg-info/dependency_links.txt
[0.787s] writing entry points to src/gogo_keyboard.egg-info/entry_points.txt
[0.788s] writing requirements to src/gogo_keyboard.egg-info/requires.txt
[0.788s] writing top-level names to src/gogo_keyboard.egg-info/top_level.txt
[0.788s] writing manifest file 'src/gogo_keyboard.egg-info/SOURCES.txt'
[1.892s] reading manifest file 'src/gogo_keyboard.egg-info/SOURCES.txt'
[1.892s] writing manifest file 'src/gogo_keyboard.egg-info/SOURCES.txt'
[1.893s] running build_ext
[1.893s] Creating /home/daniel/Oreo/install/gogo_keyboard/lib/python3.10/site-packages/gogo-keyboard.egg-link (link to src)
[1.894s] Installing ros_node script to /home/daniel/Oreo/install/gogo_keyboard/lib/gogo_keyboard
[1.894s] 
[1.894s] Installed /home/daniel/Oreo/build/gogo_keyboard/src
[1.894s] running symlink_data
[1.894s] creating /home/daniel/Oreo/install/gogo_keyboard/share/ament_index
[1.894s] creating /home/daniel/Oreo/install/gogo_keyboard/share/ament_index/resource_index
[1.894s] creating /home/daniel/Oreo/install/gogo_keyboard/share/ament_index/resource_index/packages
[1.894s] symbolically linking /home/daniel/Oreo/build/gogo_keyboard/resource/gogo_keyboard -> /home/daniel/Oreo/install/gogo_keyboard/share/ament_index/resource_index/packages
[1.894s] symbolically linking /home/daniel/Oreo/build/gogo_keyboard/package.xml -> /home/daniel/Oreo/install/gogo_keyboard/share/gogo_keyboard
[1.918s] Invoked command in '/home/daniel/Oreo/build/gogo_keyboard' returned '0': PS1=(.venv) \[\e]0;\u@\h: \w\a\]${debian_chroot:+($debian_chroot)}\[\033[01;32m\]\u@\h\[\033[00m\]:\[\033[01;34m\]\w\[\033[00m\]\$ PYTHONPATH=/home/daniel/Oreo/build/gogo_keyboard/prefix_override:/usr/lib/python3/dist-packages/colcon_core/task/python/colcon_distutils_commands:/home/daniel/Oreo/install/gogo_keyboard/lib/python3.10/site-packages:${PYTHONPATH} VIRTUAL_ENV_PROMPT=(.venv) /usr/bin/python3 -W ignore:setup.py install is deprecated -W ignore:easy_install command is deprecated setup.py develop --editable --build-directory /home/daniel/Oreo/build/gogo_keyboard/build --no-deps symlink_data
