[0.008s] Invoking command in '/home/daniel/oreo/build/oreo_description': CMAKE_PREFIX_PATH=${CMAKE_PREFIX_PATH}:/home/daniel/robotics/ros2_ws/install/lab3:/home/daniel/robotics/ros2_ws/install/joe:/opt/ros/humble /usr/bin/cmake --build /home/daniel/oreo/build/oreo_description -- -j16 -l16
[0.032s] -- Found ament_cmake: 1.3.12 (/opt/ros/humble/share/ament_cmake/cmake)
[0.144s] -- Override CMake install command with custom implementation using symlinks instead of copying resources
[0.150s] -- Found ament_lint_auto: 0.12.14 (/opt/ros/humble/share/ament_lint_auto/cmake)
[0.217s] -- Added test 'lint_cmake' to check CMake code style
[0.218s] -- Added test 'xmllint' to check XML markup files
[0.219s] -- Configuring done
[0.223s] -- Generating done
[0.224s] -- Build files have been written to: /home/daniel/oreo/build/oreo_description
[0.242s] Invoked command in '/home/daniel/oreo/build/oreo_description' returned '0': CMAKE_PREFIX_PATH=${CMAKE_PREFIX_PATH}:/home/daniel/robotics/ros2_ws/install/lab3:/home/daniel/robotics/ros2_ws/install/joe:/opt/ros/humble /usr/bin/cmake --build /home/daniel/oreo/build/oreo_description -- -j16 -l16
[0.251s] Invoking command in '/home/daniel/oreo/build/oreo_description': CMAKE_PREFIX_PATH=${CMAKE_PREFIX_PATH}:/home/daniel/robotics/ros2_ws/install/lab3:/home/daniel/robotics/ros2_ws/install/joe:/opt/ros/humble /usr/bin/cmake --install /home/daniel/oreo/build/oreo_description
[0.259s] -- Install configuration: ""
[0.260s] -- Execute custom install script
[0.261s] -- Up-to-date symlink: /home/daniel/oreo/install/oreo_description/share/oreo_description/meshes/base_link.STL
[0.261s] -- Up-to-date symlink: /home/daniel/oreo/install/oreo_description/share/oreo_description/meshes/omni_wheel.STL
[0.261s] -- Symlinking: /home/daniel/oreo/install/oreo_description/share/oreo_description/sdf/oreo.sdf
[0.271s] -- Up-to-date symlink: /home/daniel/oreo/install/oreo_description/share/ament_index/resource_index/package_run_dependencies/oreo_description
[0.271s] -- Up-to-date symlink: /home/daniel/oreo/install/oreo_description/share/ament_index/resource_index/parent_prefix_path/oreo_description
[0.271s] -- Up-to-date symlink: /home/daniel/oreo/install/oreo_description/share/oreo_description/environment/ament_prefix_path.sh
[0.272s] -- Up-to-date symlink: /home/daniel/oreo/install/oreo_description/share/oreo_description/environment/ament_prefix_path.dsv
[0.272s] -- Up-to-date symlink: /home/daniel/oreo/install/oreo_description/share/oreo_description/environment/path.sh
[0.272s] -- Up-to-date symlink: /home/daniel/oreo/install/oreo_description/share/oreo_description/environment/path.dsv
[0.273s] -- Up-to-date symlink: /home/daniel/oreo/install/oreo_description/share/oreo_description/local_setup.bash
[0.273s] -- Up-to-date symlink: /home/daniel/oreo/install/oreo_description/share/oreo_description/local_setup.sh
[0.273s] -- Up-to-date symlink: /home/daniel/oreo/install/oreo_description/share/oreo_description/local_setup.zsh
[0.273s] -- Up-to-date symlink: /home/daniel/oreo/install/oreo_description/share/oreo_description/local_setup.dsv
[0.273s] -- Symlinking: /home/daniel/oreo/install/oreo_description/share/oreo_description/package.dsv
[0.280s] -- Up-to-date symlink: /home/daniel/oreo/install/oreo_description/share/ament_index/resource_index/packages/oreo_description
[0.281s] -- Up-to-date symlink: /home/daniel/oreo/install/oreo_description/share/oreo_description/cmake/oreo_descriptionConfig.cmake
[0.281s] -- Up-to-date symlink: /home/daniel/oreo/install/oreo_description/share/oreo_description/cmake/oreo_descriptionConfig-version.cmake
[0.281s] -- Up-to-date symlink: /home/daniel/oreo/install/oreo_description/share/oreo_description/package.xml
[0.283s] Invoked command in '/home/daniel/oreo/build/oreo_description' returned '0': CMAKE_PREFIX_PATH=${CMAKE_PREFIX_PATH}:/home/daniel/robotics/ros2_ws/install/lab3:/home/daniel/robotics/ros2_ws/install/joe:/opt/ros/humble /usr/bin/cmake --install /home/daniel/oreo/build/oreo_description
